cannot exit after drag drop
drag drop do not show new filename